[newzealandtrails.com/masterpiece-overview/index.html]
[backblue.gif]
[fade.gif]
[index.html]
[js.maxmind.com/js/apis/geoip2/v2.1/geoip2.js]
[newzealandtrails.com/themes/nzt/images/favicons/apple-touch-icon-57x575e1f.png]
[newzealandtrails.com/themes/nzt/images/favicons/apple-touch-icon-114x1145e1f.png]
[newzealandtrails.com/themes/nzt/images/favicons/apple-touch-icon-72x725e1f.png]
[newzealandtrails.com/themes/nzt/images/favicons/apple-touch-icon-144x1445e1f.png]
[newzealandtrails.com/themes/nzt/images/favicons/apple-touch-icon-60x605e1f.png]
[newzealandtrails.com/themes/nzt/images/favicons/apple-touch-icon-120x1205e1f.png]
[newzealandtrails.com/themes/nzt/images/favicons/apple-touch-icon-76x765e1f.png]
[newzealandtrails.com/themes/nzt/images/favicons/apple-touch-icon-152x1525e1f.png]
[newzealandtrails.com/themes/nzt/images/favicons/favicon-196x1965e1f.png]
[newzealandtrails.com/themes/nzt/images/favicons/favicon-96x965e1f.png]
[newzealandtrails.com/themes/nzt/images/favicons/favicon-32x325e1f.png]
[newzealandtrails.com/themes/nzt/images/favicons/favicon-16x165e1f.png]
[newzealandtrails.com/themes/nzt/images/favicons/favicon-1285e1f.png]
[newzealandtrails.com/themes/nzt/css/trippage20195e1f.css]
[newzealandtrails.com/themes/nzt/css/jquery-ui-min5e1f.css]
[newzealandtrails.com/themes/nzt/css/widgets5e1f.css]
[newzealandtrails.com/themes/nzt/images/right-white-arrow.png]
[newzealandtrails.com/themes/nzt/images/nzt-secondary-logo.png]
[newzealandtrails.com/themes/nzt/images/menu-photos-cta-400.jpg]
[newzealandtrails.com/themes/nzt/images/booking2021/checkbox.png]
[newzealandtrails.com/themes/nzt/images/booking2021/orange-tick.png]
[newzealandtrails.com/themes/nzt/images/booking2021/white-tick.png]
[newzealandtrails.com/themes/nzt/images/booking2021/left-white-arrow.png]
[newzealandtrails.com/themes/nzt/images/home-icon.png]
[newzealandtrails.com/assets/Uploads/_resampled/FillWyIxMzgwIiwiNTA2Il0/MP-header-Mt-Cook.jpg]
[newzealandtrails.com/assets/Uploads/_resampled/ScaleWidthWyIxMzQwIl0/MP-MAP4.jpg]
[newzealandtrails.com/themes/nzt/images/placeholder-768x400.png]
[newzealandtrails.com/assets/Uploads/_resampled/CroppedFocusedImageWzU3NSwzNzMsIngiLDIzXQ/Michael-S-Seidan-MP28OCT24.jpg]
[newzealandtrails.com/masterpiece-overview/masterpiece-fitness/index.html]
[newzealandtrails.com/themes/nzt/images/new-trips-page-2019/quote-end.png]
[newzealandtrails.com/themes/nzt/images/new-trips-page-2019/star-png.png]
[newzealandtrails.com/assets/Uploads/_resampled/CroppedFocusedImageWzU3NSwzNzMsIngiLDIzXQ/Sibylla-Lane2.jpg]
[newzealandtrails.com/assets/trip-gallery-images/_resampled/CroppedFocusedImageWzMxNSwyMjAsIngiLDM4XQ/Routeburn-Track-panoramic-views-of-Key-Summit.jpg]
[newzealandtrails.com/assets/trip-gallery-images/_resampled/CroppedFocusedImageWzMxNSwyMjAsIngiLDM4XQ/MP-March-Sealy-Tarns-group-photo3.jpg]
[newzealandtrails.com/assets/trip-gallery-images/_resampled/CroppedFocusedImageWzMxNSwyMjAsIngiLDM4XQ/Lochmara-Lodge-exterior-.jpg]
[newzealandtrails.com/assets/trip-gallery-images/_resampled/CroppedFocusedImageWzMxNSwyMjAsIngiLDM4XQ/MP-March-Glacier-heli2.jpg]
[newzealandtrails.com/assets/trip-gallery-images/_resampled/CroppedFocusedImageWzMxNSwyMjAsIngiLDM4XQ/MP-Nov-Three-guests-waterfall3.jpg]
[newzealandtrails.com/assets/trip-gallery-images/_resampled/CroppedFocusedImageWzMxNSwyMjAsIngiLDM4XQ/Kayaking-across-Lake-Mapourika-in-a-tandem-kayak.jpg]
[newzealandtrails.com/assets/trip-gallery-images/_resampled/CroppedFocusedImageWzMxNSwyMjAsIngiLDM4XQ/MP-Nov-Cape-Foulwind2.jpg]
[newzealandtrails.com/assets/trip-gallery-images/_resampled/CroppedFocusedImageWzMxNSwyMjAsIngiLDM4XQ/Happy-guests-Hooker-Lake.jpg]
[newzealandtrails.com/assets/trip-gallery-images/_resampled/CroppedFocusedImageWzMxNSwyMjAsIngiLDM4XQ/Milford-Sound-Striling-Falls-from-a-far.jpg]
[newzealandtrails.com/assets/Uploads/_resampled/CroppedFocusedImageWzQ0NCwzMDAsInkiLDVd/masterpiece-edgewater-resort.jpg]
[newzealandtrails.com/assets/Uploads/_resampled/CroppedFocusedImageWzQ0NCwzMDAsInkiLDVd/masterpiece-lochmara-lodge.jpg]
[newzealandtrails.com/assets/Uploads/_resampled/CroppedFocusedImageWzQ0NCwzMDAsIngiLDQ0XQ/Aoraki-Alpine-lodge-6.jpg]
[newzealandtrails.com/masterpiece-overview/accommodation.html]
[newzealandtrails.com/assets/Uploads/_resampled/CroppedFocusedImageWzQ2Nyw0MDMsIngiLDMwXQ/hooker-valley-track-mt-cook-new-zealand-guided-adventure-tour2.jpg]
[newzealandtrails.com/themes/nzt/images/new-trips-page-2019/bg-info.jpg]
[newzealandtrails.com/themes/nzt/images/new-trips-page-2019/new-zealand-trails-brochure.png]
[newzealandtrails.com/themes/nzt/images/new-trips-page-2019/contact-jodi.jpg]
[newzealandtrails.com/themes/nzt/images/placeholder-10x105e1f.png]
[newzealandtrails.com/themes/nzt/images/placeholder-10x10.png]
[newzealandtrails.com/masterpiece-overview/accommodation/index.html]
[newzealandtrails.com/themes/nzt/css/pure-south.css]
[newzealandtrails.com/themes/nzt/js/cookie5e1f.js]
[newzealandtrails.com/themes/nzt/js/jquery.min5e1f.js]
[newzealandtrails.com/themes/nzt/js/jquery.fancybox.min5e1f.js]
[newzealandtrails.com/themes/nzt/js/imagesloaded.pkgd.min5e1f.js]
[newzealandtrails.com/themes/nzt/js/masonry.pkgd.min5e1f.js]
[newzealandtrails.com/themes/nzt/js/owl/owl.carousel.min5e1f.js]
[newzealandtrails.com/themes/nzt/js/jquery-ui.min.1.12.15e1f.js]
[newzealandtrails.com/themes/nzt/js/currency5e1f.js]
[newzealandtrails.com/themes/nzt/js/scripts5e1f.js]
[newzealandtrails.com/themes/nzt/js/trippage235e1f.js]
[newzealandtrails.com/themes/nzt/js/tabslide.js]
[newzealandtrails.com/themes/nzt/js/modernizr.custom5e1f.js]
[cdnjs.cloudflare.com/polyfill/v3/polyfill.min1e11.js]
[newzealandtrails.com/themes/nzt/js/yall.js]
[newzealandtrails.com/masterpiece-overview/index.html]
[www.googletagmanager.com/gtm5445.html]
[diffuser-cdn.app-us1.com/diffuser/diffuser.js]
[newzealandtrails.com/themes/nzt/images/home-2019/stars.png]
[newzealandtrails.com/themes/nzt/css/trippage20195e1f.css]
[newzealandtrails.com/themes/nzt/images/footer-bg.jpg]
[newzealandtrails.com/themes/nzt/css/jquery-ui-min5e1f.css]
[newzealandtrails.com/themes/nzt/images/testim-bg.jpg]
[newzealandtrails.com/themes/nzt/css/widgets5e1f.css]
[newzealandtrails.com/images/blue-calendar-icon.html]
[newzealandtrails.com/images/check-icon.html]
[newzealandtrails.com/images/label.html]
[newzealandtrails.com/images/p-icon.html]
[newzealandtrails.com/images/close-modal.html]
[newzealandtrails.com/themes/nzt/css/newblog5e1f.css]
[newzealandtrails.com/themes/nzt/css/style20195e1f.css]
[newzealandtrails.com/assets/Uploads/Masterpiece-fitness-hiking-wanaka.jpg]
[newzealandtrails.com/assets/Uploads/_resampled/ResizedImageWzYwMCwzODRd/Arrow-River-Bridges-Trail-2.jpg]
[newzealandtrails.com/assets/Uploads/_resampled/ResizedImageWzYwMCwzODRd/Tasman-glacier-blue-lakes-track4.jpg]
[newzealandtrails.com/assets/Uploads/_resampled/ResizedImageWzYwMCwzODRd/Governers-Bush-Track3.jpg]
[newzealandtrails.com/assets/Uploads/_resampled/ResizedImageWzYwMCwzODRd/WHITE-HORSE-CARPARK-SEALY-TARNS-.jpg]
[newzealandtrails.com/assets/Uploads/_resampled/ResizedImageWzYwMCwzODRd/Kea-Point-track-3.jpg]
[newzealandtrails.com/assets/Uploads/_resampled/ResizedImageWzYwMCwzODRd/Mt-John-Hike4.jpg]
[newzealandtrails.com/assets/Uploads/_resampled/ResizedImageWzYwMCwzODRd/Kaikoura-Peninsula-Walkway3.jpg]
[newzealandtrails.com/assets/Uploads/_resampled/ResizedImageWzYwMCwzOTFd/James-Koelbl-227-DEC-9-Dolphin-Encounter2.jpg]
[newzealandtrails.com/assets/Uploads/_resampled/ResizedImageWzYwMCwzODRd/LOCHMARA-LODGE-TO-PICTON-LOCHMARA-LODGE-TO-PICTON-KAYAK.jpg]
[newzealandtrails.com/assets/Uploads/_resampled/ResizedImageWzgwMCw1MzNd/Kayak-Abel-Tasman-National-Park-Couple2.jpg]
[newzealandtrails.com/assets/Uploads/_resampled/ResizedImageWzYwMCwzODRd/West-Coast-Walkway2.jpg]
[newzealandtrails.com/assets/Uploads/_resampled/ResizedImageWzYwMCwzODRd/PORORARI-PUNAKAIKI-LOOP-TRACK.jpg]
[newzealandtrails.com/assets/Uploads/_resampled/ResizedImageWzYwMCwzODRd/Lake-Matheson-Walk3.jpg]
[newzealandtrails.com/assets/Uploads/_resampled/ResizedImageWzYwMCwzODRd/Rocky-Mountain-Track-Diamond-Lake3.jpg]
[newzealandtrails.com/assets/Uploads/_resampled/ResizedImageWzYwMCwzODRd/Rocky-Mountain-Track2.jpg]
[newzealandtrails.com/assets/Uploads/_resampled/ResizedImageWzYwMCwzODRd/Kepler-track-control-gates-to-brod-bay-2.jpg]
[newzealandtrails.com/assets/Uploads/_resampled/ResizedImageWzYwMCwzODRd/Routeburn-Track-Key-Summit3.jpg]
[newzealandtrails.com/assets/Uploads/_resampled/ResizedImageWzYwMCwzODRd/Jacks-Point-to-Kelvin-Heights-3.jpg]
[newzealandtrails.com/masterpiece-overview/masterpiece-fitness/index.html]
[newzealandtrails.com/assets/Uploads/Masterpiece-Accom-Header.jpg]
[newzealandtrails.com/assets/Uploads/_resampled/ResizedImageWzc5OSw0NTBd/Aoraki-Alpine-lodge-7.jpg]
[newzealandtrails.com/assets/accommodation/masterpiece/_resampled/ResizedImageWzgwMCwzMTNd/palms-nelson.jpg]
[newzealandtrails.com/assets/Uploads/accommodation-lochmara-lodge.jpg]
[newzealandtrails.com/assets/Uploads/accommodation-edgewater-resort.jpg]
[newzealandtrails.com/masterpiece-overview/accommodation.html]
[newzealandtrails.com/masterpiece-overview/accommodation/index.html]
[newzealandtrails.com/themes/nzt/css/pure-south.css]
[newzealandtrails.com/themes/nzt/css/imgs/testim-bg.html]
[newzealandtrails.com/themes/nzt/css/imgs/quote-left.html]
[newzealandtrails.com/themes/nzt/css/imgs/quote-right.html]
[newzealandtrails.com/themes/nzt/images/uncheck.png]
[newzealandtrails.com/themes/nzt/images/check.png]
[newzealandtrails.com/themes/nzt/css/newblog5e1f.css]
[newzealandtrails.com/themes/nzt/images/menu-icon.png]
[newzealandtrails.com/themes/nzt/images/menu-bg.png]
[newzealandtrails.com/themes/nzt/images/search-icon.png]
[newzealandtrails.com/themes/nzt/images/blue-transp-bg.png]
[newzealandtrails.com/themes/nzt/images/play-icon.png]
[newzealandtrails.com/themes/nzt/images/free-magazine-field-bg.png]
[newzealandtrails.com/themes/nzt/images/post-play-btn.png]
[newzealandtrails.com/themes/nzt/images/read-more-arrow.png]
[newzealandtrails.com/themes/nzt/images/top-post-bg.png]
[newzealandtrails.com/themes/nzt/images/orange_triangle.png]
[newzealandtrails.com/themes/nzt/images/close-modal.png]
[newzealandtrails.com/themes/nzt/images/blue-arrows.png]
[newzealandtrails.com/themes/nzt/images/small-white-map.png]
[newzealandtrails.com/themes/nzt/images/chat-bubble.png]
[newzealandtrails.com/themes/nzt/images/cursors/cursor_arrow_left.png]
[newzealandtrails.com/themes/nzt/images/cursors/cursor_arrow_right.png]
[newzealandtrails.com/themes/nzt/images/home-bg.jpg]
[newzealandtrails.com/themes/nzt/images/arrow-down.png]
[newzealandtrails.com/themes/nzt/images/calendar-icon.png]
[newzealandtrails.com/themes/nzt/images/search-white-icon.png]
[newzealandtrails.com/themes/nzt/images/phone-icon.png]
[newzealandtrails.com/themes/nzt/images/mail-icon.png]
[newzealandtrails.com/themes/nzt/images/trip-bar/south.png]
[newzealandtrails.com/themes/nzt/images/trip-bar/north.png]
[newzealandtrails.com/themes/nzt/images/trip-bar/pills-full.png]
[newzealandtrails.com/themes/nzt/images/white-calendar-icon.png]
[newzealandtrails.com/themes/nzt/images/trip-explorer-arrows.png]
[newzealandtrails.com/themes/nzt/images/pagination-arrows-small.png]
[newzealandtrails.com/themes/nzt/images/pagination-arrows-new.png]
[newzealandtrails.com/themes/nzt/images/blue-calendar-icon.png]
[newzealandtrails.com/themes/nzt/images/check-icon.png]
[newzealandtrails.com/themes/nzt/images/label.png]
[newzealandtrails.com/themes/nzt/images/p-icon.png]
[newzealandtrails.com/themes/nzt/images/left-arrow.png]
[newzealandtrails.com/themes/nzt/images/big-play-btn.png]
[newzealandtrails.com/themes/nzt/images/social-icons.png]
[newzealandtrails.com/themes/nzt/images/question-mark.png]
[newzealandtrails.com/themes/nzt/images/search-blue-icon.jpg]
[newzealandtrails.com/themes/nzt/images/search.png]
[newzealandtrails.com/themes/nzt/images/which-trip/level1.png]
[newzealandtrails.com/themes/nzt/images/which-trip/level2.png]
[newzealandtrails.com/themes/nzt/images/which-trip/level3.png]
[newzealandtrails.com/themes/nzt/images/which-trip/level4.png]
[newzealandtrails.com/themes/nzt/images/tick.png]
[newzealandtrails.com/themes/nzt/images/contours.png]
[newzealandtrails.com/themes/nzt/images/misc/new-bg.jpg]
[newzealandtrails.com/themes/nzt/images/menu-mobil-icon.png]
[newzealandtrails.com/themes/nzt/images/phone-mobil-icon.png]
[newzealandtrails.com/themes/nzt/css/style20195e1f.css]
[newzealandtrails.com/themes/nzt/images/blog/reply-icon.html]
[newzealandtrails.com/themes/nzt/css/grabbing.html]
[newzealandtrails.com/themes/nzt/css/AjaxLoader.html]
[newzealandtrails.com/static/new-header/images/menu-icon-blue.html]
[newzealandtrails.com/themes/nzt/images/pagination-arrows.html]
[newzealandtrails.com/themes/nzt/images/trip-bar/star.html]
[platform-api.sharethis.com/js/sharethis.js]
